// Jest Snapshot v1, https://goo.gl/fbAQLP

exports[`should take a snapshot 1`] = `
<DocumentFragment>
  <div
    class="App"
  >
    <form
      class="controls"
    >
      <div
        class="controls__button-group--function-control"
      >
        <h5>
          Select your Function
        </h5>
        <div
          class="btn-group btn-group-toggle"
          role="group"
        >
          <label
            class="btn active btn-primary btn-lg"
          >
            <input
              autocomplete="off"
              checked=""
              name="buttons-group--function-control"
              type="radio"
              value="GV"
            />
            Global Volunteer
          </label>
          <label
            class="btn btn-primary btn-lg"
          >
            <input
              autocomplete="off"
              name="buttons-group--function-control"
              type="radio"
              value="GE"
            />
            Global Entrepreneur
          </label>
          <label
            class="btn btn-primary btn-lg"
          >
            <input
              autocomplete="off"
              name="buttons-group--function-control"
              type="radio"
              value="GT"
            />
            Global Talent
          </label>
        </div>
      </div>
      <hr />
      <div
        class="controls__text"
      >
        <h5>
          Text Inputs
        </h5>
        <div
          class="form-group"
        >
          <label
            class="form-label"
            for="expText"
          >
            Text
          </label>
          <textarea
            class="form-control"
            id="expText"
            placeholder="Enter the text"
          >
            We have just opened
          </textarea>
          <small
            class="text-muted form-text"
          >
            Use *Text* syntax to create Colored Text. ex. Normal Text *Colored Text* Normal Text
          </small>
        </div>
        <div
          class="form-group"
        />
        <div
          class="mb-3 form-group"
        >
          <div
            class="custom-control custom-checkbox custom-control-inline"
          >
            <input
              class="custom-control-input"
              id="controls__toggle"
              type="checkbox"
              value=""
            />
            <label
              class="custom-control-label"
              for="controls__toggle"
              title=""
            >
              Testing
            </label>
          </div>
        </div>
      </div>
      <hr />
      <div
        class="form-group row"
      >
        <label
          class="form-label col-form-label col-sm-3"
          style="max-width: max-content;"
        >
          Text Align
        </label>
        <div
          class="col-sm-4"
          style="max-width: max-content;"
        >
          <div
            class="btn-group btn-group-toggle"
            role="group"
          >
            <label
              class="btn active btn-primary"
            >
              <input
                autocomplete="off"
                checked=""
                name="buttons-group--aligment-control"
                type="radio"
                value="left"
              />
              Left
            </label>
            <label
              class="btn btn-primary"
            >
              <input
                autocomplete="off"
                name="buttons-group--aligment-control"
                type="radio"
                value="center"
              />
              Center
            </label>
            <label
              class="btn btn-primary"
            >
              <input
                autocomplete="off"
                name="buttons-group--aligment-control"
                type="radio"
                value="right"
              />
              Right
            </label>
          </div>
        </div>
      </div>
      <hr />
      <div>
        <div
          class="controls__range"
        >
          <h5>
            Font Size Adjustment
          </h5>
          <div
            class="form-group"
          >
            <label
              class="form-label"
              for="fontSize"
            >
              Adjust the font size
            </label>
            <input
              class="custom-range"
              id="fontSize"
              max="200"
              min="40"
              step="1"
              type="range"
              value="70"
            />
          </div>
          <div
            class="form-group"
          >
            <label
              class="form-label"
              for="lineHeight"
            >
              Adjust the line height
            </label>
            <input
              class="custom-range"
              id="lineHeight"
              max="2"
              min="1"
              step="0.1"
              type="range"
              value="1.2"
            />
          </div>
        </div>
      </div>
      <hr />
      <div
        style="width: 100%; display: flex; justify-content: center;"
      >
        <button
          class="btn btn-primary"
          type="submit"
        >
          Generate Image
        </button>
        <div
          style="width: 16px;"
        />
        <button
          class="btn btn-secondary"
          type="button"
        >
          Reset Data
        </button>
      </div>
      <hr />
    </form>
    <div
      class="sc-AxheI giqfTk image-container"
    >
      <img
        class="sc-AxmLO cTAnjP image-background"
        src="cover1.png"
      />
      <div
        class="sc-AxiKw cyBEbv black-overlay"
      />
      <img
        class="sc-AxgMl jbIiiu"
        src="GVwm.png"
      />
      <div
        class="sc-AxhUy fVYKTx with-aiesec-container"
      >
        <p
          class="sc-AxhCb jGpUoR with-aiesec"
        >
          with aiesec.
        </p>
      </div>
      <div
        class="sc-Axmtr jljcsG draggable-container"
      >
        <div
          class="react-draggable"
          style="display: inline-block; max-width: fit-content; transform: translate(200px,200px);"
        >
          <p
            class="sc-AxjAm hFqgeN"
            font-size="70"
          >
            We have just opened
          </p>
        </div>
      </div>
    </div>
  </div>
</DocumentFragment>
`;
